Archive member included to satisfy reference by file (symbol)

c:/users/osama/onedrive/desktop/arm/tools/arm gcc/bin/../lib/gcc/arm-none-eabi/5.4.1/../../../../arm-none-eabi/lib/armv7e-m\libg_nano.a(lib_a-errno.o)
                              ./system/src/newlib/_sbrk.o (__errno)
c:/users/osama/onedrive/desktop/arm/tools/arm gcc/bin/../lib/gcc/arm-none-eabi/5.4.1/../../../../arm-none-eabi/lib/armv7e-m\libg_nano.a(lib_a-impure.o)
                              c:/users/osama/onedrive/desktop/arm/tools/arm gcc/bin/../lib/gcc/arm-none-eabi/5.4.1/../../../../arm-none-eabi/lib/armv7e-m\libg_nano.a(lib_a-errno.o) (_impure_ptr)
c:/users/osama/onedrive/desktop/arm/tools/arm gcc/bin/../lib/gcc/arm-none-eabi/5.4.1/../../../../arm-none-eabi/lib/armv7e-m\libg_nano.a(lib_a-strlen.o)
                              ./system/src/diag/Trace.o (strlen)
c:/users/osama/onedrive/desktop/arm/tools/arm gcc/bin/../lib/gcc/arm-none-eabi/5.4.1/../../../../arm-none-eabi/lib/armv7e-m\libg_nano.a(lib_a-vsnprintf.o)
                              ./system/src/diag/Trace.o (vsnprintf)
c:/users/osama/onedrive/desktop/arm/tools/arm gcc/bin/../lib/gcc/arm-none-eabi/5.4.1/../../../../arm-none-eabi/lib/armv7e-m\libg_nano.a(lib_a-nano-svfprintf.o)
                              c:/users/osama/onedrive/desktop/arm/tools/arm gcc/bin/../lib/gcc/arm-none-eabi/5.4.1/../../../../arm-none-eabi/lib/armv7e-m\libg_nano.a(lib_a-vsnprintf.o) (_svfprintf_r)
c:/users/osama/onedrive/desktop/arm/tools/arm gcc/bin/../lib/gcc/arm-none-eabi/5.4.1/../../../../arm-none-eabi/lib/armv7e-m\libg_nano.a(lib_a-nano-vfprintf_i.o)
                              c:/users/osama/onedrive/desktop/arm/tools/arm gcc/bin/../lib/gcc/arm-none-eabi/5.4.1/../../../../arm-none-eabi/lib/armv7e-m\libg_nano.a(lib_a-nano-svfprintf.o) (_printf_i)
c:/users/osama/onedrive/desktop/arm/tools/arm gcc/bin/../lib/gcc/arm-none-eabi/5.4.1/../../../../arm-none-eabi/lib/armv7e-m\libg_nano.a(lib_a-memchr.o)
                              c:/users/osama/onedrive/desktop/arm/tools/arm gcc/bin/../lib/gcc/arm-none-eabi/5.4.1/../../../../arm-none-eabi/lib/armv7e-m\libg_nano.a(lib_a-nano-svfprintf.o) (memchr)
c:/users/osama/onedrive/desktop/arm/tools/arm gcc/bin/../lib/gcc/arm-none-eabi/5.4.1/../../../../arm-none-eabi/lib/armv7e-m\libg_nano.a(lib_a-memcpy-stub.o)
                              c:/users/osama/onedrive/desktop/arm/tools/arm gcc/bin/../lib/gcc/arm-none-eabi/5.4.1/../../../../arm-none-eabi/lib/armv7e-m\libg_nano.a(lib_a-nano-svfprintf.o) (memcpy)
c:/users/osama/onedrive/desktop/arm/tools/arm gcc/bin/../lib/gcc/arm-none-eabi/5.4.1/../../../../arm-none-eabi/lib/armv7e-m\libg_nano.a(lib_a-memmove.o)
                              c:/users/osama/onedrive/desktop/arm/tools/arm gcc/bin/../lib/gcc/arm-none-eabi/5.4.1/../../../../arm-none-eabi/lib/armv7e-m\libg_nano.a(lib_a-nano-svfprintf.o) (memmove)
c:/users/osama/onedrive/desktop/arm/tools/arm gcc/bin/../lib/gcc/arm-none-eabi/5.4.1/../../../../arm-none-eabi/lib/armv7e-m\libg_nano.a(lib_a-nano-freer.o)
                              c:/users/osama/onedrive/desktop/arm/tools/arm gcc/bin/../lib/gcc/arm-none-eabi/5.4.1/../../../../arm-none-eabi/lib/armv7e-m\libg_nano.a(lib_a-nano-svfprintf.o) (_free_r)
c:/users/osama/onedrive/desktop/arm/tools/arm gcc/bin/../lib/gcc/arm-none-eabi/5.4.1/../../../../arm-none-eabi/lib/armv7e-m\libg_nano.a(lib_a-nano-mallocr.o)
                              c:/users/osama/onedrive/desktop/arm/tools/arm gcc/bin/../lib/gcc/arm-none-eabi/5.4.1/../../../../arm-none-eabi/lib/armv7e-m\libg_nano.a(lib_a-nano-svfprintf.o) (_malloc_r)
c:/users/osama/onedrive/desktop/arm/tools/arm gcc/bin/../lib/gcc/arm-none-eabi/5.4.1/../../../../arm-none-eabi/lib/armv7e-m\libg_nano.a(lib_a-nano-reallocr.o)
                              c:/users/osama/onedrive/desktop/arm/tools/arm gcc/bin/../lib/gcc/arm-none-eabi/5.4.1/../../../../arm-none-eabi/lib/armv7e-m\libg_nano.a(lib_a-nano-svfprintf.o) (_realloc_r)
c:/users/osama/onedrive/desktop/arm/tools/arm gcc/bin/../lib/gcc/arm-none-eabi/5.4.1/../../../../arm-none-eabi/lib/armv7e-m\libg_nano.a(lib_a-sbrkr.o)
                              c:/users/osama/onedrive/desktop/arm/tools/arm gcc/bin/../lib/gcc/arm-none-eabi/5.4.1/../../../../arm-none-eabi/lib/armv7e-m\libg_nano.a(lib_a-nano-mallocr.o) (_sbrk_r)
c:/users/osama/onedrive/desktop/arm/tools/arm gcc/bin/../lib/gcc/arm-none-eabi/5.4.1/../../../../arm-none-eabi/lib/armv7e-m\libg_nano.a(lib_a-mlock.o)
                              c:/users/osama/onedrive/desktop/arm/tools/arm gcc/bin/../lib/gcc/arm-none-eabi/5.4.1/../../../../arm-none-eabi/lib/armv7e-m\libg_nano.a(lib_a-nano-freer.o) (__malloc_lock)
c:/users/osama/onedrive/desktop/arm/tools/arm gcc/bin/../lib/gcc/arm-none-eabi/5.4.1/../../../../arm-none-eabi/lib/armv7e-m\libg_nano.a(lib_a-nano-msizer.o)
[...]
Memory Configuration

Name             Origin             Length             Attributes
OSOS             0x08002800         0x00000004
RAM              0x20000000         0x00010000         xrw
CCMRAM           0x10000000         0x00000000         xrw
FLASH            0x08000000         0x00100000         xr
FLASHB1          0x00000000         0x00000000         xr
EXTMEMB0         0x00000000         0x00000000         xr
EXTMEMB1         0x00000000         0x00000000         xr
EXTMEMB2         0x00000000         0x00000000         xr
EXTMEMB3         0x00000000         0x00000000         xr
*default*        0x00000000         0xffffffff

Linker script and memory map

LOAD ./system/src/newlib/_cxx.o
LOAD ./system/src/newlib/_exit.o
LOAD ./system/src/newlib/_sbrk.o
LOAD ./system/src/newlib/_startup.o
LOAD ./system/src/newlib/_syscalls.o
LOAD ./system/src/newlib/assert.o
LOAD ./system/src/diag/Trace.o
LOAD ./system/src/diag/trace_impl.o
LOAD ./system/src/cortexm/_initialize_hardware.o
LOAD ./system/src/cortexm/_reset_hardware.o
LOAD ./system/src/cortexm/exception_handlers.o
LOAD ./system/src/cmsis/system_stm32f4xx.o
LOAD ./system/src/cmsis/vectors_stm32f401xc.o
LOAD ./src/Scheduler/Sched.o
LOAD ./src/Scheduler/Sched_Functions_Implementation.o
LOAD ./src/Scheduler/Sched_cfg.o
LOAD ./src/MCAL/Systick/Systick_Impe.o
LOAD ./src/MCAL/RCC_up/RCC.o
LOAD ./src/MCAL/NVIC/NVIC_STM.o
LOAD ./src/MCAL/NVIC/NVIC_STM_Config.o
LOAD ./src/MCAL/GPIO/GPIO.o
LOAD ./src/HAL/Switch/Switch.o
LOAD ./src/HAL/Switch/Switch_cfg.o
LOAD ./src/HAL/LED/LED.o
LOAD ./src/HAL/LED/LED_cfg.o
LOAD ./src/HAL/LCD/LCD.o
LOAD ./src/HAL/LCD/LCD_cfg.o
LOAD ./src/main.o
LOAD c:/users/osama/onedrive/desktop/arm/tools/arm gcc/bin/../lib/gcc/arm-none-eabi/5.4.1/../../../../arm-none-eabi/lib/armv7e-m\libstdc++_nano.a
LOAD c:/users/osama/onedrive/desktop/arm/tools/arm gcc/bin/../lib/gcc/arm-none-eabi/5.4.1/../../../../arm-none-eabi/lib/armv7e-m\libm.a
START GROUP
LOAD c:/users/osama/onedrive/desktop/arm/tools/arm gcc/bin/../lib/gcc/arm-none-eabi/5.4.1/armv7e-m\libgcc.a
LOAD c:/users/osama/onedrive/desktop/arm/tools/arm gcc/bin/../lib/gcc/arm-none-eabi/5.4.1/../../../../arm-none-eabi/lib/armv7e-m\libg_nano.a
LOAD c:/users/osama/onedrive/desktop/arm/tools/arm gcc/bin/../lib/gcc/arm-none-eabi/5.4.1/../../../../arm-none-eabi/lib/armv7e-m\libc_nano.a
END GROUP
START GROUP
LOAD c:/users/osama/onedrive/desktop/arm/tools/arm gcc/bin/../lib/gcc/arm-none-eabi/5.4.1/armv7e-m\libgcc.a
LOAD c:/users/osama/onedrive/desktop/arm/tools/arm gcc/bin/../lib/gcc/arm-none-eabi/5.4.1/../../../../arm-none-eabi/lib/armv7e-m\libc_nano.a
END GROUP
                0x20010000                __stack = (ORIGIN (RAM) + LENGTH (RAM))
                0x20010000                _estack = __stack
                0x00000400                __Main_Stack_Size = 0x400
                [!provide]                PROVIDE (_Main_Stack_Size, __Main_Stack_Size)
                0x2000fc00                __Main_Stack_Limit = (__stack - __Main_Stack_Size)
                [!provide]                PROVIDE (_Main_Stack_Limit, __Main_Stack_Limit)
                0x00000100                _Minimum_Stack_Size = 0x100
                0x200001b4                PROVIDE (_Heap_Begin, _end_noinit)
                0x2000fc00                PROVIDE (_Heap_Limit, (__stack - __Main_Stack_Size))

.isr_vector     0x08000000      0x3f8
 FILL mask 0xff
                0x08000000                __vectors_start = ABSOLUTE (.)
                0x08000000                __vectors_start__ = ABSOLUTE (.)
 *(.isr_vector)
 .isr_vector    0x08000000      0x194 ./system/src/cmsis/vectors_stm32f401xc.o
                0x08000000                __isr_vectors
 *(.cfmconfig)
 *(.after_vectors .after_vectors.*)
 .after_vectors
                0x08000194      0x130 ./system/src/newlib/_startup.o
                0x08000194                _start
 .after_vectors
                0x080002c4      0x130 ./system/src/cortexm/exception_handlers.o
                0x080002c4                Reset_Handler
                0x080002cc                NMI_Handler
                0x080002d0                HardFault_Handler
                0x080002e4                HardFault_Handler_C
                0x08000344                MemManage_Handler
                0x08000348                BusFault_Handler
                0x0800035c                BusFault_Handler_C
                0x08000390                UsageFault_Handler
                0x080003a4                UsageFault_Handler_C
                0x080003d8                SVC_Handler
                0x080003dc                DebugMon_Handler
                0x080003e0                PendSV_Handler
 .after_vectors
                0x080003f4        0x4 ./system/src/cmsis/vectors_stm32f401xc.o
                0x080003f4                RTC_Alarm_IRQHandler
                0x080003f4                EXTI2_IRQHandler
                0x080003f4                SPI4_IRQHandler
                0x080003f4                TIM1_CC_IRQHandler
                0x080003f4                DMA2_Stream5_IRQHandler
                0x080003f4                DMA1_Stream5_IRQHandler
                0x080003f4                PVD_IRQHandler
                0x080003f4                SDIO_IRQHandler
                0x080003f4                TAMP_STAMP_IRQHandler
                0x080003f4                EXTI3_IRQHandler
                0x080003f4                TIM1_UP_TIM10_IRQHandler
                0x080003f4                I2C3_ER_IRQHandler
                0x080003f4                EXTI0_IRQHandler
                0x080003f4                I2C2_EV_IRQHandler
                0x080003f4                DMA1_Stream2_IRQHandler
                0x080003f4                FPU_IRQHandler
                0x080003f4                DMA2_Stream2_IRQHandler
                0x080003f4                SPI1_IRQHandler
                0x080003f4                TIM1_BRK_TIM9_IRQHandler
                0x080003f4                DMA2_Stream3_IRQHandler
                0x080003f4                USART6_IRQHandler
                0x080003f4                DMA2_Stream0_IRQHandler
                0x080003f4                TIM4_IRQHandler
                0x080003f4                I2C1_EV_IRQHandler
                0x080003f4                DMA1_Stream6_IRQHandler
                0x080003f4                DMA1_Stream1_IRQHandler
                0x080003f4                TIM3_IRQHandler
                0x080003f4                RCC_IRQHandler
                0x080003f4                Default_Handler
                0x080003f4                EXTI15_10_IRQHandler
                0x080003f4                ADC_IRQHandler
                0x080003f4                DMA1_Stream7_IRQHandler
                0x080003f4                TIM5_IRQHandler
                0x080003f4                DMA2_Stream7_IRQHandler
                0x080003f4                I2C3_EV_IRQHandler
                0x080003f4                EXTI9_5_IRQHandler
                0x080003f4                RTC_WKUP_IRQHandler
                0x080003f4                SPI2_IRQHandler
                0x080003f4                DMA1_Stream0_IRQHandler
                0x080003f4                EXTI4_IRQHandler
                0x080003f4                WWDG_IRQHandler
                0x080003f4                TIM2_IRQHandler
                0x080003f4                OTG_FS_WKUP_IRQHandler
                0x080003f4                TIM1_TRG_COM_TIM11_IRQHandler
                0x080003f4                EXTI1_IRQHandler
                0x080003f4                USART2_IRQHandler
                0x080003f4                I2C2_ER_IRQHandler
                0x080003f4                DMA2_Stream1_IRQHandler
                0x080003f4                FLASH_IRQHandler
                0x080003f4                DMA2_Stream4_IRQHandler
                0x080003f4                USART1_IRQHandler
                0x080003f4                OTG_FS_IRQHandler
                0x080003f4                SPI3_IRQHandler
                0x080003f4                DMA1_Stream4_IRQHandler
                0x080003f4                I2C1_ER_IRQHandler
                0x080003f4                DMA2_Stream6_IRQHandler
                0x080003f4                DMA1_Stream3_IRQHandler

.inits          0x080003f8       0x28
                0x080003f8                __data_regions_array_start = .
                0x080003f8        0x4 LONG 0x8001ba4 LOADADDR (.data)
                0x080003fc        0x4 LONG 0x20000000 ADDR (.data)
                0x08000400        0x4 LONG 0x20000080 (ADDR (.data) + SIZEOF (.data))
                0x08000404        0x4 LONG 0x8001ba4 LOADADDR (.data_CCMRAM)
                0x08000408        0x4 LONG 0x10000000 ADDR (.data_CCMRAM)
                0x0800040c        0x4 LONG 0x10000000 (ADDR (.data_CCMRAM) + SIZEOF (.data_CCMRAM))
                0x08000410                __data_regions_array_end = .
                0x08000410                __bss_regions_array_start = .
                0x08000410        0x4 LONG 0x20000080 ADDR (.bss)
                0x08000414        0x4 LONG 0x200001b4 (ADDR (.bss) + SIZEOF (.bss))
                0x08000418        0x4 LONG 0x10000000 ADDR (.bss_CCMRAM)
                0x0800041c        0x4 LONG 0x10000000 (ADDR (.bss_CCMRAM) + SIZEOF (.bss_CCMRAM))
                0x08000420                __bss_regions_array_end = .
 *(.init)
 *(.fini)
                0x08000420                . = ALIGN (0x4)
                0x08000420                PROVIDE (__preinit_array_start, .)
 *(.preinit_array_sysinit .preinit_array_sysinit.*)
 *(.preinit_array_platform .preinit_array_platform.*)
 *(.preinit_array .preinit_array.*)
                0x08000420                PROVIDE (__preinit_array_end, .)
                0x08000420                . = ALIGN (0x4)
                0x08000420                PROVIDE (__init_array_start, .)
 *(SORT(.init_array.*))
 *(.init_array)
                0x08000420                PROVIDE (__init_array_end, .)
                0x08000420                . = ALIGN (0x4)
                0x08000420                PROVIDE (__fini_array_start, .)
 *(SORT(.fini_array.*))
 *(.fini_array)
                0x08000420                PROVIDE (__fini_array_end, .)

.flashtext
 *(.flashtext .flashtext.*)

.Hamo           0x08002800        0x0
                0x08002800                _Hamo_Begin = .
 *(.Hamo .Hamo.*)
                0x08002800                _Hamo_End = .

.text           0x08000420     0x1782
 *(.text .text.*)
 .text._exit    0x08000420        0x4 ./system/src/newlib/_exit.o
                0x08000420                _exit
 .text._sbrk    0x08000424       0x44 ./system/src/newlib/_sbrk.o
                0x08000424                _sbrk
 .text.__initialize_args
                0x08000468       0x10 ./system/src/newlib/_syscalls.o
                0x08000468                __initialize_args
 .text.trace_printf
                0x08000478       0x30 ./system/src/diag/Trace.o
                0x08000478                trace_printf
 .text._trace_write_semihosting_debug
                0x080004a8       0x64 ./system/src/diag/trace_impl.o
 .text.trace_write
                0x0800050c        0x8 ./system/src/diag/trace_impl.o
                0x0800050c                trace_write
 .text.__initialize_hardware_early
                0x08000514       0x18 ./system/src/cortexm/_initialize_hardware.o
                0x08000514                __initialize_hardware_early
 .text.__initialize_hardware
                0x0800052c        0x8 ./system/src/cortexm/_initialize_hardware.o
                0x0800052c                __initialize_hardware
 .text.dumpExceptionStack
                0x08000534       0xf0 ./system/src/cortexm/exception_handlers.o
                0x08000534                dumpExceptionStack
 .text.isSemihosting
                0x08000624       0x20 ./system/src/cortexm/exception_handlers.o
                0x08000624                isSemihosting
 .text.SystemInit
                0x08000644       0x40 ./system/src/cmsis/system_stm32f4xx.o
                0x08000644                SystemInit
 .text.SystemCoreClockUpdate
                0x08000684       0xa0 ./system/src/cmsis/system_stm32f4xx.o
                0x08000684                SystemCoreClockUpdate
 .text.Tick_CBF
                0x08000724       0x30 ./src/Scheduler/Sched.o
                0x08000724                Tick_CBF
 *fill*         0x08000754        0x4 
 .text.Sched_init
                0x08000758       0x68 ./src/Scheduler/Sched.o
                0x08000758                Sched_init
 .text.Sched    0x080007c0       0x6c ./src/Scheduler/Sched.o
                0x080007c0                Sched
 .text.Sched_start
                0x0800082c       0x20 ./src/Scheduler/Sched.o
                0x0800082c                Sched_start
 .text.LED1     0x0800084c       0x1c ./src/Scheduler/Sched_Functions_Implementation.o
                0x0800084c                LED1
 .text.LED2     0x08000868       0x1c ./src/Scheduler/Sched_Functions_Implementation.o
                0x08000868                LED2
 .text.LED3     0x08000884       0x1c ./src/Scheduler/Sched_Functions_Implementation.o
                0x08000884                LED3
 .text.DebouncingSwitch
                0x080008a0       0x54 ./src/Scheduler/Sched_Functions_Implementation.o
                0x080008a0                DebouncingSwitch
 .text.LCD_App  0x080008f4       0x24 ./src/Scheduler/Sched_Functions_Implementation.o
                0x080008f4                LCD_App
 .text.SysTick_start
                0x08000918       0x10 ./src/MCAL/Systick/Systick_Impe.o
                0x08000918                SysTick_start
 .text.Systick_Set_CBF
                0x08000928       0x14 ./src/MCAL/Systick/Systick_Impe.o
                0x08000928                Systick_Set_CBF
 .text.SysTick_Handler
                0x0800093c       0x10 ./src/MCAL/Systick/Systick_Impe.o
                0x0800093c                SysTick_Handler
 *fill*         0x0800094c        0x4 
 .text.Systick_Set_Period_MS
                0x08000950       0x78 ./src/MCAL/Systick/Systick_Impe.o
                0x08000950                Systick_Set_Period_MS
 .text.RCC_EnuSelect_Clock
                0x080009c8      0x16c ./src/MCAL/RCC_up/RCC.o
                0x080009c8                RCC_EnuSelect_Clock
 .text.RCC_voidEnablePeri
                0x08000b34       0x10 ./src/MCAL/RCC_up/RCC.o
                0x08000b34                RCC_voidEnablePeri
 .text.GPIO_Init_Pin
                0x08000b44       0x38 ./src/MCAL/GPIO/GPIO.o
                0x08000b44                GPIO_Init_Pin
 .text.GPIO_Write_PinValue
                0x08000b7c       0x30 ./src/MCAL/GPIO/GPIO.o
                0x08000b7c                GPIO_Write_PinValue
 .text.GPIO_Get_Value
                0x08000bac       0x24 ./src/MCAL/GPIO/GPIO.o
                0x08000bac                GPIO_Get_Value
 .text.GPIO_Port_Value
                0x08000bd0       0x14 ./src/MCAL/GPIO/GPIO.o
                0x08000bd0                GPIO_Port_Value
 .text.Switch_Init
                0x08000be4       0x40 ./src/HAL/Switch/Switch.o
                0x08000be4                Switch_Init
 .text.Switch_Get_Value
                0x08000c24       0x20 ./src/HAL/Switch/Switch.o
                0x08000c24                Switch_Get_Value
 .text.led_init
                0x08000c44       0x4c ./src/HAL/LED/LED.o
                0x08000c44                led_init
 .text.led_set_state
                0x08000c90       0x24 ./src/HAL/LED/LED.o
                0x08000c90                led_set_state
 .text.LCD_voidWriteCommand
                0x08000cb4       0x54 ./src/HAL/LCD/LCD.o
                0x08000cb4                LCD_voidWriteCommand
 .text.LCD_voidWriteData
                0x08000d08       0x54 ./src/HAL/LCD/LCD.o
                0x08000d08                LCD_voidWriteData
 .text.LCD_Pins_Init
                0x08000d5c       0x4c ./src/HAL/LCD/LCD.o
                0x08000d5c                LCD_Pins_Init
 .text.init_LCD_Seq
                0x08000da8       0x64 ./src/HAL/LCD/LCD.o
                0x08000da8                init_LCD_Seq
 .text.LCD_voidGoToXY
                0x08000e0c       0x28 ./src/HAL/LCD/LCD.o
                0x08000e0c                LCD_voidGoToXY
 .text.Lcd_writestringAsync
                0x08000e34       0x50 ./src/HAL/LCD/LCD.o
                0x08000e34                Lcd_writestringAsync
 .text.write_seq
                0x08000e84       0x5c ./src/HAL/LCD/LCD.o
                0x08000e84                write_seq
 .text.LCD_Clear
                0x08000ee0        0xc ./src/HAL/LCD/LCD.o
                0x08000ee0                LCD_Clear
 .text.clear_seq
                0x08000eec       0x1c ./src/HAL/LCD/LCD.o
                0x08000eec                clear_seq
 .text.LCD_Task
                0x08000f08       0x34 ./src/HAL/LCD/LCD.o
                0x08000f08                LCD_Task
 .text.main     0x08000f3c       0x30 ./src/main.o
                0x08000f3c                main
 .text.__errno  0x08000f6c        0xc c:/users/osama/onedrive/desktop/arm/tools/arm gcc/bin/../lib/gcc/arm-none-eabi/5.4.1/../../../../arm-none-eabi/lib/armv7e-m\libg_nano.a(lib_a-errno.o)
                0x08000f6c                __errno
 .text._vsnprintf_r
                0x08000f78       0x56 c:/users/osama/onedrive/desktop/arm/tools/arm gcc/bin/../lib/gcc/arm-none-eabi/5.4.1/../../../../arm-none-eabi/lib/armv7e-m\libg_nano.a(lib_a-vsnprintf.o)
                0x08000f78                _vsniprintf_r
                0x08000f78                _vsnprintf_r
 *fill*         0x08000fce        0x2 
 .text.vsnprintf
                0x08000fd0       0x1c c:/users/osama/onedrive/desktop/arm/tools/arm gcc/bin/../lib/gcc/arm-none-eabi/5.4.1/../../../../arm-none-eabi/lib/armv7e-m\libg_nano.a(lib_a-vsnprintf.o)
                0x08000fd0                vsniprintf
                0x08000fd0                vsnprintf
 .text.__ssputs_r
                0x08000fec       0xb2 c:/users/osama/onedrive/desktop/arm/tools/arm gcc/bin/../lib/gcc/arm-none-eabi/5.4.1/../../../../arm-none-eabi/lib/armv7e-m\libg_nano.a(lib_a-nano-svfprintf.o)
                0x08000fec                __ssputs_r
 *fill*         0x0800109e        0x2 
 .text._svfprintf_r
                0x080010a0      0x1e8 c:/users/osama/onedrive/desktop/arm/tools/arm gcc/bin/../lib/gcc/arm-none-eabi/5.4.1/../../../../arm-none-eabi/lib/armv7e-m\libg_nano.a(lib_a-nano-svfprintf.o)
                0x080010a0                _svfiprintf_r
                0x080010a0                _svfprintf_r
 .text._printf_common
                0x08001288       0xec c:/users/osama/onedrive/desktop/arm/tools/arm gcc/bin/../lib/gcc/arm-none-eabi/5.4.1/../../../../arm-none-eabi/lib/armv7e-m\libg_nano.a(lib_a-nano-vfprintf_i.o)
                0x08001288                _printf_common
 .text._printf_i
                0x08001374      0x24c c:/users/osama/onedrive/desktop/arm/tools/arm gcc/bin/../lib/gcc/arm-none-eabi/5.4.1/../../../../arm-none-eabi/lib/armv7e-m\libg_nano.a(lib_a-nano-vfprintf_i.o)
                0x08001374                _printf_i
 .text          0x080015c0       0xa0 c:/users/osama/onedrive/desktop/arm/tools/arm gcc/bin/../lib/gcc/arm-none-eabi/5.4.1/../../../../arm-none-eabi/lib/armv7e-m\libg_nano.a(lib_a-memchr.o)
                0x080015c0                memchr
 .text.memcpy   0x08001660       0x16 c:/users/osama/onedrive/desktop/arm/tools/arm gcc/bin/../lib/gcc/arm-none-eabi/5.4.1/../../../../arm-none-eabi/lib/armv7e-m\libg_nano.a(lib_a-memcpy-stub.o)
                0x08001660                memcpy
 .text.memmove  0x08001676       0x36 c:/users/osama/onedrive/desktop/arm/tools/arm gcc/bin/../lib/gcc/arm-none-eabi/5.4.1/../../../../arm-none-eabi/lib/armv7e-m\libg_nano.a(lib_a-memmove.o)
                0x08001676                memmove
 .text._free_r  0x080016ac       0x9c c:/users/osama/onedrive/desktop/arm/tools/arm gcc/bin/../lib/gcc/arm-none-eabi/5.4.1/../../../../arm-none-eabi/lib/armv7e-m\libg_nano.a(lib_a-nano-freer.o)
                0x080016ac                _free_r
 .text._malloc_r
                0x08001748       0xbc c:/users/osama/onedrive/desktop/arm/tools/arm gcc/bin/../lib/gcc/arm-none-eabi/5.4.1/../../../../arm-none-eabi/lib/armv7e-m\libg_nano.a(lib_a-nano-mallocr.o)
                0x08001748                _malloc_r
 .text._realloc_r
                0x08001804       0x4c c:/users/osama/onedrive/desktop/arm/tools/arm gcc/bin/../lib/gcc/arm-none-eabi/5.4.1/../../../../arm-none-eabi/lib/armv7e-m\libg_nano.a(lib_a-nano-reallocr.o)
                0x08001804                _realloc_r
 .text._sbrk_r  0x08001850       0x20 c:/users/osama/onedrive/desktop/arm/tools/arm gcc/bin/../lib/gcc/arm-none-eabi/5.4.1/../../../../arm-none-eabi/lib/armv7e-m\libg_nano.a(lib_a-sbrkr.o)
                0x08001850                _sbrk_r
 .text.__malloc_lock
                0x08001870        0x2 c:/users/osama/onedrive/desktop/arm/tools/arm gcc/bin/../lib/gcc/arm-none-eabi/5.4.1/../../../../arm-none-eabi/lib/armv7e-m\libg_nano.a(lib_a-mlock.o)
                0x08001870                __malloc_lock
 .text.__malloc_unlock
                0x08001872        0x2 c:/users/osama/onedrive/desktop/arm/tools/arm gcc/bin/../lib/gcc/arm-none-eabi/5.4.1/../../../../arm-none-eabi/lib/armv7e-m\libg_nano.a(lib_a-mlock.o)
                0x08001872                __malloc_unlock
 .text._malloc_usable_size_r
                0x08001874       0x14 c:/users/osama/onedrive/desktop/arm/tools/arm gcc/bin/../lib/gcc/arm-none-eabi/5.4.1/../../../../arm-none-eabi/lib/armv7e-m\libg_nano.a(lib_a-nano-msizer.o)
                0x08001874                _malloc_usable_size_r
 *(.rodata .rodata.* .constdata .constdata.*)
 .rodata.str1.4
                0x08001888      0x146 ./system/src/cortexm/exception_handlers.o
 *fill*         0x080019ce        0x2 
 .rodata.AHBPrescTable
                0x080019d0       0x10 ./system/src/cmsis/system_stm32f4xx.o
                0x080019d0                AHBPrescTable
 .rodata.str1.4
                0x080019e0        0xe ./src/Scheduler/Sched.o
 *fill*         0x080019ee        0x2 
 .rodata.str1.4
                0x080019f0        0xe ./src/Scheduler/Sched_Functions_Implementation.o
 *fill*         0x080019fe        0x2 
 .rodata.Task_info
                0x08001a00       0x60 ./src/Scheduler/Sched_cfg.o
                0x08001a00                Task_info
 .rodata.str1.4
                0x08001a60       0x28 ./src/Scheduler/Sched_cfg.o
 .rodata.str1.4
                0x08001a88        0xc ./src/MCAL/RCC_up/RCC.o
                                  0xb (size before relaxing)
 .rodata.Switch_cfg
                0x08001a94       0x18 ./src/HAL/Switch/Switch_cfg.o
                0x08001a94                Switch_cfg
 .rodata.Led_cfg
                0x08001aac       0x30 ./src/HAL/LED/LED_cfg.o
                0x08001aac                Led_cfg
 .rodata        0x08001adc        0x2 ./src/HAL/LCD/LCD.o
 *fill*         0x08001ade        0x2 
 .rodata.Lcd_cfg
                0x08001ae0       0x8f ./src/HAL/LCD/LCD_cfg.o
                0x08001ae0                Lcd_cfg
 .rodata.str1.1
                0x08001b6f       0x11 c:/users/osama/onedrive/desktop/arm/tools/arm gcc/bin/../lib/gcc/arm-none-eabi/5.4.1/../../../../arm-none-eabi/lib/armv7e-m\libg_nano.a(lib_a-nano-svfprintf.o)
 .rodata.str1.1
                0x08001b80       0x22 c:/users/osama/onedrive/desktop/arm/tools/arm gcc/bin/../lib/gcc/arm-none-eabi/5.4.1/../../../../arm-none-eabi/lib/armv7e-m\libg_nano.a(lib_a-nano-vfprintf_i.o)
 *(vtable)
 *(.eh_frame*)
 *(.glue_7)
 .glue_7        0x08001ba2        0x0 linker stubs
 *(.glue_7t)
 .glue_7t       0x08001ba2        0x0 linker stubs

.vfp11_veneer   0x08001ba4        0x0
 .vfp11_veneer  0x08001ba4        0x0 linker stubs

.v4_bx          0x08001ba4        0x0
 .v4_bx         0x08001ba4        0x0 linker stubs

.iplt           0x08001ba4        0x0
 .iplt          0x08001ba4        0x0 ./system/src/newlib/_cxx.o

.rel.dyn        0x08001ba4        0x0
 .rel.iplt      0x08001ba4        0x0 ./system/src/newlib/_cxx.o

.ARM.extab
 *(.ARM.extab* .gnu.linkonce.armextab.*)
                0x08001ba4                . = ALIGN (0x4)
                0x08001ba4                __exidx_start = .

.ARM.exidx
 *(.ARM.exidx* .gnu.linkonce.armexidx.*)
                0x08001ba4                __exidx_end = .
                0x08001ba4                . = ALIGN (0x4)
                0x08001ba4                _etext = .
                0x08001ba4                __etext = .

.data_CCMRAM    0x10000000        0x0 load address 0x08001ba4
 FILL mask 0xff
 *(.data.CCMRAM .data.CCMRAM.*)
                0x10000000                . = ALIGN (0x4)
                0x08001ba4                _sidata = LOADADDR (.data)

.data           0x20000000       0x80 load address 0x08001ba4
 FILL mask 0xff
                0x20000000                _sdata = .
                0x20000000                __data_start__ = .
 *(.data_begin .data_begin.*)
 .data_begin    0x20000000        0x4 ./system/src/newlib/_startup.o
 *(.data .data.*)
 .data.argv.4290
                0x20000004        0x8 ./system/src/newlib/_syscalls.o
 .data.SystemCoreClock
                0x2000000c        0x4 ./system/src/cmsis/system_stm32f4xx.o
                0x2000000c                SystemCoreClock
 .data.switch_value
                0x20000010        0x1 ./src/Scheduler/Sched_Functions_Implementation.o
 .data.counter1
                0x20000011        0x1 ./src/Scheduler/Sched_Functions_Implementation.o
 .data.counter2
                0x20000012        0x1 ./src/Scheduler/Sched_Functions_Implementation.o
 .data.counter3
                0x20000013        0x1 ./src/Scheduler/Sched_Functions_Implementation.o
 .data.ReqType  0x20000014        0x1 ./src/HAL/LCD/LCD.o
                0x20000014                ReqType
 *fill*         0x20000015        0x3 ff
 .data.impure_data
                0x20000018       0x60 c:/users/osama/onedrive/desktop/arm/tools/arm gcc/bin/../lib/gcc/arm-none-eabi/5.4.1/../../../../arm-none-eabi/lib/armv7e-m\libg_nano.a(lib_a-impure.o)
 .data._impure_ptr
                0x20000078        0x4 c:/users/osama/onedrive/desktop/arm/tools/arm gcc/bin/../lib/gcc/arm-none-eabi/5.4.1/../../../../arm-none-eabi/lib/armv7e-m\libg_nano.a(lib_a-impure.o)
                0x20000078                _impure_ptr
 *(.data_end .data_end.*)
 .data_end      0x2000007c        0x4 ./system/src/newlib/_startup.o
                0x20000080                . = ALIGN (0x4)
                0x20000080                _edata = .
                0x20000080                __data_end__ = .

.igot.plt       0x20000080        0x0 load address 0x08001c24
 .igot.plt      0x20000080        0x0 ./system/src/newlib/_cxx.o

.bss_CCMRAM     0x10000000        0x0
 *(.bss.CCMRAM .bss.CCMRAM.*)

.bss            0x20000080      0x134
                0x20000080                __bss_start__ = .
                0x20000080                _sbss = .
 *(.bss_begin .bss_begin.*)
 .bss_begin     0x20000080        0x4 ./system/src/newlib/_startup.o
 *(.bss .bss.*)
 .bss.current_heap_end.3974
                0x20000084        0x4 ./system/src/newlib/_sbrk.o
 .bss.name.4289
                0x20000088        0x1 ./system/src/newlib/_syscalls.o
 *fill*         0x20000089        0x3 
 .bss.buf.5179  0x2000008c       0x80 ./system/src/diag/Trace.o
 .bss.Sched_Flag
                0x2000010c        0x1 ./src/Scheduler/Sched.o
                0x2000010c                Sched_Flag
 *fill*         0x2000010d        0x3 
 .bss.Tasks     0x20000110       0x78 ./src/Scheduler/Sched.o
 .bss.switch_counter.3847
                0x20000188        0x1 ./src/Scheduler/Sched_Functions_Implementation.o
 .bss.previous_switch_state.3849
                0x20000189        0x1 ./src/Scheduler/Sched_Functions_Implementation.o
 *fill*         0x2000018a        0x2 
 .bss.PTF       0x2000018c        0x4 ./src/MCAL/Systick/Systick_Impe.o
 .bss.state     0x20000190        0x1 ./src/HAL/LCD/LCD.o
 *fill*         0x20000191        0x3 
 .bss.LCD_Storage
                0x20000194        0x8 ./src/HAL/LCD/LCD.o
 .bss.init_Done
                0x2000019c        0x1 ./src/HAL/LCD/LCD.o
                0x2000019c                init_Done
 *fill*         0x2000019d        0x3 
 .bss.__malloc_sbrk_start
                0x200001a0        0x4 c:/users/osama/onedrive/desktop/arm/tools/arm gcc/bin/../lib/gcc/arm-none-eabi/5.4.1/../../../../arm-none-eabi/lib/armv7e-m\libg_nano.a(lib_a-nano-mallocr.o)
                0x200001a0                __malloc_sbrk_start
 .bss.__malloc_free_list
                0x200001a4        0x4 c:/users/osama/onedrive/desktop/arm/tools/arm gcc/bin/../lib/gcc/arm-none-eabi/5.4.1/../../../../arm-none-eabi/lib/armv7e-m\libg_nano.a(lib_a-nano-mallocr.o)
                0x200001a4                __malloc_free_list
 *(COMMON)
 COMMON         0x200001a8        0x4 ./system/src/newlib/_syscalls.o
                0x200001a8                errno
 COMMON         0x200001ac        0x2 ./src/Scheduler/Sched.o
                0x200001ac                CPU_LOAD
                0x200001ad                index
 COMMON         0x200001ae        0x1 ./src/HAL/LCD/LCD.o
                0x200001ae                Counter_Writing
 *(.bss_end .bss_end.*)
 *fill*         0x200001af        0x1 
 .bss_end       0x200001b0        0x4 ./system/src/newlib/_startup.o
                0x200001b4                . = ALIGN (0x4)
                0x200001b4                __bss_end__ = .
                0x200001b4                _ebss = .

.noinit_CCMRAM
 *(.noinit.CCMRAM .noinit.CCMRAM.*)

.noinit         0x200001b4        0x0
                0x200001b4                _noinit = .
 *(.noinit .noinit.*)
                0x200001b4                . = ALIGN (0x4)
                0x200001b4                _end_noinit = .
                [!provide]                PROVIDE (end, _end_noinit)
                [!provide]                PROVIDE (_end, _end_noinit)
                [!provide]                PROVIDE (__end, _end_noinit)
                [!provide]                PROVIDE (__end__, _end_noinit)

._check_stack   0x200001b4      0x100
                0x200002b4                . = (. + _Minimum_Stack_Size)
 *fill*         0x200001b4      0x100 

.b1text
 *(.b1text)
 *(.b1rodata)
 *(.b1rodata.*)

.eb0text
 *(.eb0text)
 *(.eb0rodata)
 *(.eb0rodata.*)

.eb1text
 *(.eb1text)
 *(.eb1rodata)
 *(.eb1rodata.*)

.eb2text
 *(.eb2text)
 *(.eb2rodata)
 *(.eb2rodata.*)

.eb3text
 *(.eb3text)
 *(.eb3rodata)
 *(.eb3rodata.*)

.stab
 *(.stab)

.stabstr
 *(.stabstr)

.stab.excl
 *(.stab.excl)

.stab.exclstr
 *(.stab.exclstr)

.stab.index
 *(.stab.index)

.stab.indexstr
 *(.stab.indexstr)

.comment        0x00000000       0x6e
 *(.comment)
 .comment       0x00000000       0x6e ./system/src/newlib/_exit.o
                                 0x6f (size before relaxing)
 .comment       0x0000006e       0x6f ./system/src/newlib/_sbrk.o
 .comment       0x0000006e       0x6f ./system/src/newlib/_startup.o
 .comment       0x0000006e       0x6f ./system/src/newlib/_syscalls.o
 .comment       0x0000006e       0x6f ./system/src/diag/Trace.o
 .comment       0x0000006e       0x6f ./system/src/diag/trace_impl.o
 .comment       0x0000006e       0x6f ./system/src/cortexm/_initialize_hardware.o
 .comment       0x0000006e       0x6f ./system/src/cortexm/exception_handlers.o
 .comment       0x0000006e       0x6f ./system/src/cmsis/system_stm32f4xx.o
 .comment       0x0000006e       0x6f ./system/src/cmsis/vectors_stm32f401xc.o
 .comment       0x0000006e       0x6f ./src/Scheduler/Sched.o
 .comment       0x0000006e       0x6f ./src/Scheduler/Sched_Functions_Implementation.o
 .comment       0x0000006e       0x6f ./src/Scheduler/Sched_cfg.o
 .comment       0x0000006e       0x6f ./src/MCAL/Systick/Systick_Impe.o
 .comment       0x0000006e       0x6f ./src/MCAL/RCC_up/RCC.o
 .comment       0x0000006e       0x6f ./src/MCAL/GPIO/GPIO.o
 .comment       0x0000006e       0x6f ./src/HAL/Switch/Switch.o
 .comment       0x0000006e       0x6f ./src/HAL/Switch/Switch_cfg.o
 .comment       0x0000006e       0x6f ./src/HAL/LED/LED.o
 .comment       0x0000006e       0x6f ./src/HAL/LED/LED_cfg.o
 .comment       0x0000006e       0x6f ./src/HAL/LCD/LCD.o
 .comment       0x0000006e       0x6f ./src/HAL/LCD/LCD_cfg.o
 .comment       0x0000006e       0x6f ./src/main.o

.ARM.attributes
                0x00000000       0x31
 .ARM.attributes
                0x00000000       0x33 ./system/src/newlib/_exit.o
 .ARM.attributes
                0x00000033       0x33 ./system/src/newlib/_sbrk.o
 .ARM.attributes
                0x00000066       0x33 ./system/src/newlib/_startup.o
 .ARM.attributes
                0x00000099       0x33 ./system/src/newlib/_syscalls.o
 .ARM.attributes
                0x000000cc       0x33 ./system/src/diag/Trace.o
 .ARM.attributes
                0x000000ff       0x33 ./system/src/diag/trace_impl.o
 .ARM.attributes
                0x00000132       0x33 ./system/src/cortexm/_initialize_hardware.o
 .ARM.attributes
                0x00000165       0x33 ./system/src/cortexm/exception_handlers.o
 .ARM.attributes
                0x00000198       0x33 ./system/src/cmsis/system_stm32f4xx.o
 .ARM.attributes
                0x000001cb       0x33 ./system/src/cmsis/vectors_stm32f401xc.o
 .ARM.attributes
                0x000001fe       0x33 ./src/Scheduler/Sched.o
 .ARM.attributes
                0x00000231       0x33 ./src/Scheduler/Sched_Functions_Implementation.o
 .ARM.attributes
                0x00000264       0x33 ./src/Scheduler/Sched_cfg.o
 .ARM.attributes
                0x00000297       0x33 ./src/MCAL/Systick/Systick_Impe.o
 .ARM.attributes
                0x000002ca       0x33 ./src/MCAL/RCC_up/RCC.o
 .ARM.attributes
                0x000002fd       0x33 ./src/MCAL/GPIO/GPIO.o
 .ARM.attributes
                0x00000330       0x33 ./src/HAL/Switch/Switch.o
 .ARM.attributes
                0x00000363       0x33 ./src/HAL/Switch/Switch_cfg.o
 .ARM.attributes
                0x00000396       0x33 ./src/HAL/LED/LED.o
 .ARM.attributes
                0x000003c9       0x33 ./src/HAL/LED/LED_cfg.o
 .ARM.attributes
                0x000003fc       0x33 ./src/HAL/LCD/LCD.o
 .ARM.attributes
                0x0000042f       0x33 ./src/HAL/LCD/LCD_cfg.o
 .ARM.attributes
                0x00000462       0x33 ./src/main.o
 .ARM.attributes
                0x00000495       0x2e c:/users/osama/onedrive/desktop/arm/tools/arm gcc/bin/../lib/gcc/arm-none-eabi/5.4.1/../../../../arm-none-eabi/lib/armv7e-m\libg_nano.a(lib_a-errno.o)
 .ARM.attributes
                0x000004c3       0x2e c:/users/osama/onedrive/desktop/arm/tools/arm gcc/bin/../lib/gcc/arm-none-eabi/5.4.1/../../../../arm-none-eabi/lib/armv7e-m\libg_nano.a(lib_a-impure.o)
 .ARM.attributes
                0x000004f1       0x2e c:/users/osama/onedrive/desktop/arm/tools/arm gcc/bin/../lib/gcc/arm-none-eabi/5.4.1/../../../../arm-none-eabi/lib/armv7e-m\libg_nano.a(lib_a-vsnprintf.o)
 .ARM.attributes
                0x0000051f       0x2e c:/users/osama/onedrive/desktop/arm/tools/arm gcc/bin/../lib/gcc/arm-none-eabi/5.4.1/../../../../arm-none-eabi/lib/armv7e-m\libg_nano.a(lib_a-nano-svfprintf.o)
 .ARM.attributes
                0x0000054d       0x2e c:/users/osama/onedrive/desktop/arm/tools/arm gcc/bin/../lib/gcc/arm-none-eabi/5.4.1/../../../../arm-none-eabi/lib/armv7e-m\libg_nano.a(lib_a-nano-vfprintf_i.o)
 .ARM.attributes
                0x0000057b       0x1c c:/users/osama/onedrive/desktop/arm/tools/arm gcc/bin/../lib/gcc/arm-none-eabi/5.4.1/../../../../arm-none-eabi/lib/armv7e-m\libg_nano.a(lib_a-memchr.o)
 .ARM.attributes
                0x00000597       0x2e c:/users/osama/onedrive/desktop/arm/tools/arm gcc/bin/../lib/gcc/arm-none-eabi/5.4.1/../../../../arm-none-eabi/lib/armv7e-m\libg_nano.a(lib_a-memcpy-stub.o)
 .ARM.attributes
                0x000005c5       0x2e c:/users/osama/onedrive/desktop/arm/tools/arm gcc/bin/../lib/gcc/arm-none-eabi/5.4.1/../../../../arm-none-eabi/lib/armv7e-m\libg_nano.a(lib_a-memmove.o)
 .ARM.attributes
                0x000005f3       0x2e c:/users/osama/onedrive/desktop/arm/tools/arm gcc/bin/../lib/gcc/arm-none-eabi/5.4.1/../../../../arm-none-eabi/lib/armv7e-m\libg_nano.a(lib_a-nano-freer.o)
 .ARM.attributes
                0x00000621       0x2e c:/users/osama/onedrive/desktop/arm/tools/arm gcc/bin/../lib/gcc/arm-none-eabi/5.4.1/../../../../arm-none-eabi/lib/armv7e-m\libg_nano.a(lib_a-nano-mallocr.o)
 .ARM.attributes
                0x0000064f       0x2e c:/users/osama/onedrive/desktop/arm/tools/arm gcc/bin/../lib/gcc/arm-none-eabi/5.4.1/../../../../arm-none-eabi/lib/armv7e-m\libg_nano.a(lib_a-nano-reallocr.o)
 .ARM.attributes
                0x0000067d       0x2e c:/users/osama/onedrive/desktop/arm/tools/arm gcc/bin/../lib/gcc/arm-none-eabi/5.4.1/../../../../arm-none-eabi/lib/armv7e-m\libg_nano.a(lib_a-sbrkr.o)
 .ARM.attributes
                0x000006ab       0x2e c:/users/osama/onedrive/desktop/arm/tools/arm gcc/bin/../lib/gcc/arm-none-eabi/5.4.1/../../../../arm-none-eabi/lib/armv7e-m\libg_nano.a(lib_a-mlock.o)
 .ARM.attributes
                0x000006d9       0x2e c:/users/osama/onedrive/desktop/arm/tools/arm gcc/bin/../lib/gcc/arm-none-eabi/5.4.1/../../../../arm-none-eabi/lib/armv7e-m\libg_nano.a(lib_a-nano-msizer.o)

.debug
 *(.debug)

.line
 *(.line)

.debug_srcinfo
 *(.debug_srcinfo)

.debug_sfnames
 *(.debug_sfnames)

.debug_aranges  0x00000000      0x490
 *(.debug_aranges)
 .debug_aranges
                0x00000000       0x28 ./system/src/newlib/_exit.o
 .debug_aranges
                0x00000028       0x20 ./system/src/newlib/_sbrk.o
 .debug_aranges
                0x00000048       0x40 ./system/src/newlib/_startup.o
 .debug_aranges
                0x00000088       0x30 ./system/src/newlib/_syscalls.o
 .debug_aranges
                0x000000b8       0x38 ./system/src/diag/Trace.o
 .debug_aranges
                0x000000f0       0x30 ./system/src/diag/trace_impl.o
 .debug_aranges
                0x00000120       0x28 ./system/src/cortexm/_initialize_hardware.o
 .debug_aranges
                0x00000148       0x90 ./system/src/cortexm/exception_handlers.o
 .debug_aranges
                0x000001d8       0x28 ./system/src/cmsis/system_stm32f4xx.o
 .debug_aranges
                0x00000200       0x20 ./system/src/cmsis/vectors_stm32f401xc.o
 .debug_aranges
                0x00000220       0x38 ./src/Scheduler/Sched.o
 .debug_aranges
                0x00000258       0x48 ./src/Scheduler/Sched_Functions_Implementation.o
 .debug_aranges
                0x000002a0       0x18 ./src/Scheduler/Sched_cfg.o
 .debug_aranges
                0x000002b8       0x48 ./src/MCAL/Systick/Systick_Impe.o
 .debug_aranges
                0x00000300       0x30 ./src/MCAL/RCC_up/RCC.o
 .debug_aranges
                0x00000330       0x40 ./src/MCAL/GPIO/GPIO.o
 .debug_aranges
                0x00000370       0x28 ./src/HAL/Switch/Switch.o
 .debug_aranges
                0x00000398       0x18 ./src/HAL/Switch/Switch_cfg.o
 .debug_aranges
                0x000003b0       0x28 ./src/HAL/LED/LED.o
 .debug_aranges
                0x000003d8       0x18 ./src/HAL/LED/LED_cfg.o
 .debug_aranges
                0x000003f0       0x68 ./src/HAL/LCD/LCD.o
 .debug_aranges
                0x00000458       0x18 ./src/HAL/LCD/LCD_cfg.o
 .debug_aranges
                0x00000470       0x20 ./src/main.o

.debug_pubnames
 *(.debug_pubnames)

.debug_info     0x00000000     0x4366
 *(.debug_info .gnu.linkonce.wi.*)
 .debug_info    0x00000000       0xef ./system/src/newlib/_exit.o
 .debug_info    0x000000ef      0x11f ./system/src/newlib/_sbrk.o
 .debug_info    0x0000020e      0x4f2 ./system/src/newlib/_startup.o
 .debug_info    0x00000700      0x1c7 ./system/src/newlib/_syscalls.o
 .debug_info    0x000008c7      0x2e7 ./system/src/diag/Trace.o
 .debug_info    0x00000bae      0x30b ./system/src/diag/trace_impl.o
 .debug_info    0x00000eb9      0x2bf ./system/src/cortexm/_initialize_hardware.o
 .debug_info    0x00001178      0x8f4 ./system/src/cortexm/exception_handlers.o
 .debug_info    0x00001a6c      0x4e3 ./system/src/cmsis/system_stm32f4xx.o
 .debug_info    0x00001f4f       0xd1 ./system/src/cmsis/vectors_stm32f401xc.o
 .debug_info    0x00002020      0x289 ./src/Scheduler/Sched.o
 .debug_info    0x000022a9      0x25b ./src/Scheduler/Sched_Functions_Implementation.o
 .debug_info    0x00002504      0x116 ./src/Scheduler/Sched_cfg.o
 .debug_info    0x0000261a      0x274 ./src/MCAL/Systick/Systick_Impe.o
 .debug_info    0x0000288e      0x2b4 ./src/MCAL/RCC_up/RCC.o
 .debug_info    0x00002b42      0x3c3 ./src/MCAL/GPIO/GPIO.o
 .debug_info    0x00002f05      0x255 ./src/HAL/Switch/Switch.o
 .debug_info    0x0000315a      0x211 ./src/HAL/Switch/Switch_cfg.o
 .debug_info    0x0000336b      0x278 ./src/HAL/LED/LED.o
 .debug_info    0x000035e3      0x241 ./src/HAL/LED/LED_cfg.o
 .debug_info    0x00003824      0x6ea ./src/HAL/LCD/LCD.o
 .debug_info    0x00003f0e      0x276 ./src/HAL/LCD/LCD_cfg.o
 .debug_info    0x00004184      0x1e2 ./src/main.o

.debug_abbrev   0x00000000     0x1976
 *(.debug_abbrev)
 .debug_abbrev  0x00000000       0x8e ./system/src/newlib/_exit.o
 .debug_abbrev  0x0000008e       0xb9 ./system/src/newlib/_sbrk.o
 .debug_abbrev  0x00000147      0x1b6 ./system/src/newlib/_startup.o
 .debug_abbrev  0x000002fd       0xec ./system/src/newlib/_syscalls.o
 .debug_abbrev  0x000003e9      0x156 ./system/src/diag/Trace.o
 .debug_abbrev  0x0000053f      0x1c8 ./system/src/diag/trace_impl.o
 .debug_abbrev  0x00000707       0xea ./system/src/cortexm/_initialize_hardware.o
 .debug_abbrev  0x000007f1      0x247 ./system/src/cortexm/exception_handlers.o
 .debug_abbrev  0x00000a38      0x104 ./system/src/cmsis/system_stm32f4xx.o
 .debug_abbrev  0x00000b3c       0x9d ./system/src/cmsis/vectors_stm32f401xc.o
 .debug_abbrev  0x00000bd9      0x13b ./src/Scheduler/Sched.o
 .debug_abbrev  0x00000d14       0xb0 ./src/Scheduler/Sched_Functions_Implementation.o
 .debug_abbrev  0x00000dc4       0x99 ./src/Scheduler/Sched_cfg.o
 .debug_abbrev  0x00000e5d      0x143 ./src/MCAL/Systick/Systick_Impe.o
 .debug_abbrev  0x00000fa0      0x137 ./src/MCAL/RCC_up/RCC.o
 .debug_abbrev  0x000010d7      0x12f ./src/MCAL/GPIO/GPIO.o
 .debug_abbrev  0x00001206      0x13c ./src/HAL/Switch/Switch.o
 .debug_abbrev  0x00001342       0xc0 ./src/HAL/Switch/Switch_cfg.o
 .debug_abbrev  0x00001402      0x142 ./src/HAL/LED/LED.o
 .debug_abbrev  0x00001544       0xc0 ./src/HAL/LED/LED_cfg.o
 .debug_abbrev  0x00001604      0x1b7 ./src/HAL/LCD/LCD.o
 .debug_abbrev  0x000017bb       0xc0 ./src/HAL/LCD/LCD_cfg.o
 .debug_abbrev  0x0000187b       0xfb ./src/main.o

.debug_line     0x00000000     0x5264
 *(.debug_line)
 .debug_line    0x00000000      0x321 ./system/src/newlib/_exit.o
 .debug_line    0x00000321      0x2d2 ./system/src/newlib/_sbrk.o
 .debug_line    0x000005f3      0x39a ./system/src/newlib/_startup.o
 .debug_line    0x0000098d      0x3e6 ./system/src/newlib/_syscalls.o
 .debug_line    0x00000d73      0x38f ./system/src/diag/Trace.o
 .debug_line    0x00001102      0xa8e ./system/src/diag/trace_impl.o
 .debug_line    0x00001b90      0x9f6 ./system/src/cortexm/_initialize_hardware.o
 .debug_line    0x00002586      0xb2c ./system/src/cortexm/exception_handlers.o
 .debug_line    0x000030b2      0x9f6 ./system/src/cmsis/system_stm32f4xx.o
 .debug_line    0x00003aa8       0xfe ./system/src/cmsis/vectors_stm32f401xc.o
 .debug_line    0x00003ba6      0x3f1 ./src/Scheduler/Sched.o
 .debug_line    0x00003f97      0x183 ./src/Scheduler/Sched_Functions_Implementation.o
 .debug_line    0x0000411a       0xdc ./src/Scheduler/Sched_cfg.o
 .debug_line    0x000041f6      0x11d ./src/MCAL/Systick/Systick_Impe.o
 .debug_line    0x00004313      0x3de ./src/MCAL/RCC_up/RCC.o
 .debug_line    0x000046f1      0x106 ./src/MCAL/GPIO/GPIO.o
 .debug_line    0x000047f7      0x11b ./src/HAL/Switch/Switch.o
 .debug_line    0x00004912       0xa8 ./src/HAL/Switch/Switch_cfg.o
 .debug_line    0x000049ba       0xf1 ./src/HAL/LED/LED.o
 .debug_line    0x00004aab       0x99 ./src/HAL/LED/LED_cfg.o
 .debug_line    0x00004b44      0x1f0 ./src/HAL/LCD/LCD.o
 .debug_line    0x00004d34       0xc2 ./src/HAL/LCD/LCD_cfg.o
 .debug_line    0x00004df6      0x46e ./src/main.o

.debug_frame    0x00000000      0xb08
 *(.debug_frame)
 .debug_frame   0x00000000       0x38 ./system/src/newlib/_exit.o
 .debug_frame   0x00000038       0x28 ./system/src/newlib/_sbrk.o
 .debug_frame   0x00000060       0x7c ./system/src/newlib/_startup.o
 .debug_frame   0x000000dc       0x50 ./system/src/newlib/_syscalls.o
 .debug_frame   0x0000012c       0x94 ./system/src/diag/Trace.o
 .debug_frame   0x000001c0       0x60 ./system/src/diag/trace_impl.o
 .debug_frame   0x00000220       0x40 ./system/src/cortexm/_initialize_hardware.o
 .debug_frame   0x00000260      0x158 ./system/src/cortexm/exception_handlers.o
 .debug_frame   0x000003b8       0x30 ./system/src/cmsis/system_stm32f4xx.o
 .debug_frame   0x000003e8       0x20 ./system/src/cmsis/vectors_stm32f401xc.o
 .debug_frame   0x00000408       0x78 ./src/Scheduler/Sched.o
 .debug_frame   0x00000480       0xa4 ./src/Scheduler/Sched_Functions_Implementation.o
 .debug_frame   0x00000524       0xa0 ./src/MCAL/Systick/Systick_Impe.o
 .debug_frame   0x000005c4       0x4c ./src/MCAL/RCC_up/RCC.o
 .debug_frame   0x00000610       0x60 ./src/MCAL/GPIO/GPIO.o
 .debug_frame   0x00000670       0x4c ./src/HAL/Switch/Switch.o
 .debug_frame   0x000006bc       0x4c ./src/HAL/LED/LED.o
 .debug_frame   0x00000708      0x114 ./src/HAL/LCD/LCD.o
 .debug_frame   0x0000081c       0x28 ./src/main.o
 .debug_frame   0x00000844       0x20 c:/users/osama/onedrive/desktop/arm/tools/arm gcc/bin/../lib/gcc/arm-none-eabi/5.4.1/../../../../arm-none-eabi/lib/armv7e-m\libg_nano.a(lib_a-errno.o)
 .debug_frame   0x00000864       0x48 c:/users/osama/onedrive/desktop/arm/tools/arm gcc/bin/../lib/gcc/arm-none-eabi/5.4.1/../../../../arm-none-eabi/lib/armv7e-m\libg_nano.a(lib_a-vsnprintf.o)
 .debug_frame   0x000008ac       0x90 c:/users/osama/onedrive/desktop/arm/tools/arm gcc/bin/../lib/gcc/arm-none-eabi/5.4.1/../../../../arm-none-eabi/lib/armv7e-m\libg_nano.a(lib_a-nano-svfprintf.o)
 .debug_frame   0x0000093c       0x60 c:/users/osama/onedrive/desktop/arm/tools/arm gcc/bin/../lib/gcc/arm-none-eabi/5.4.1/../../../../arm-none-eabi/lib/armv7e-m\libg_nano.a(lib_a-nano-vfprintf_i.o)
 .debug_frame   0x0000099c       0x28 c:/users/osama/onedrive/desktop/arm/tools/arm gcc/bin/../lib/gcc/arm-none-eabi/5.4.1/../../../../arm-none-eabi/lib/armv7e-m\libg_nano.a(lib_a-memcpy-stub.o)
 .debug_frame   0x000009c4       0x28 c:/users/osama/onedrive/desktop/arm/tools/arm gcc/bin/../lib/gcc/arm-none-eabi/5.4.1/../../../../arm-none-eabi/lib/armv7e-m\libg_nano.a(lib_a-memmove.o)
 .debug_frame   0x000009ec       0x38 c:/users/osama/onedrive/desktop/arm/tools/arm gcc/bin/../lib/gcc/arm-none-eabi/5.4.1/../../../../arm-none-eabi/lib/armv7e-m\libg_nano.a(lib_a-nano-freer.o)
 .debug_frame   0x00000a24       0x2c c:/users/osama/onedrive/desktop/arm/tools/arm gcc/bin/../lib/gcc/arm-none-eabi/5.4.1/../../../../arm-none-eabi/lib/armv7e-m\libg_nano.a(lib_a-nano-mallocr.o)
 .debug_frame   0x00000a50       0x3c c:/users/osama/onedrive/desktop/arm/tools/arm gcc/bin/../lib/gcc/arm-none-eabi/5.4.1/../../../../arm-none-eabi/lib/armv7e-m\libg_nano.a(lib_a-nano-reallocr.o)
 .debug_frame   0x00000a8c       0x2c c:/users/osama/onedrive/desktop/arm/tools/arm gcc/bin/../lib/gcc/arm-none-eabi/5.4.1/../../../../arm-none-eabi/lib/armv7e-m\libg_nano.a(lib_a-sbrkr.o)
 .debug_frame   0x00000ab8       0x30 c:/users/osama/onedrive/desktop/arm/tools/arm gcc/bin/../lib/gcc/arm-none-eabi/5.4.1/../../../../arm-none-eabi/lib/armv7e-m\libg_nano.a(lib_a-mlock.o)
 .debug_frame   0x00000ae8       0x20 c:/users/osama/onedrive/desktop/arm/tools/arm gcc/bin/../lib/gcc/arm-none-eabi/5.4.1/../../../../arm-none-eabi/lib/armv7e-m\libg_nano.a(lib_a-nano-msizer.o)

.debug_str      0x00000000    0x72901
 *(.debug_str)
 .debug_str     0x00000000     0x6d55 ./system/src/newlib/_exit.o
                               0x6ec7 (size before relaxing)
 .debug_str     0x00006d55      0x4de ./system/src/newlib/_sbrk.o
                               0x62b2 (size before relaxing)
 .debug_str     0x00007233      0xc23 ./system/src/newlib/_startup.o
                               0x5ecd (size before relaxing)
 .debug_str     0x00007e56      0xe18 ./system/src/newlib/_syscalls.o
                               0x7112 (size before relaxing)
 .debug_str     0x00008c6e      0x890 ./system/src/diag/Trace.o
                               0x76b7 (size before relaxing)
 .debug_str     0x000094fe    0x67a1e ./system/src/diag/trace_impl.o
                              0x6f9cd (size before relaxing)
 .debug_str     0x00070f1c       0xc4 ./system/src/cortexm/_initialize_hardware.o
                              0x6e7ae (size before relaxing)
 .debug_str     0x00070fe0      0x1a6 ./system/src/cortexm/exception_handlers.o
                              0x6fb57 (size before relaxing)
 .debug_str     0x00071186      0x174 ./system/src/cmsis/system_stm32f4xx.o
                              0x6e89f (size before relaxing)
 .debug_str     0x000712fa       0x59 ./system/src/cmsis/vectors_stm32f401xc.o
                               0x3084 (size before relaxing)
 .debug_str     0x00071353      0x4fa ./src/Scheduler/Sched.o
                               0x6687 (size before relaxing)
 .debug_str     0x0007184d      0x171 ./src/Scheduler/Sched_Functions_Implementation.o
                               0x2a4e (size before relaxing)
 .debug_str     0x000719be       0x97 ./src/Scheduler/Sched_cfg.o
                               0x26b5 (size before relaxing)
 .debug_str     0x00071a55      0x177 ./src/MCAL/Systick/Systick_Impe.o
                               0x2853 (size before relaxing)
 .debug_str     0x00071bcc      0x520 ./src/MCAL/RCC_up/RCC.o
                               0x66d9 (size before relaxing)
 .debug_str     0x000720ec      0x2ba ./src/MCAL/GPIO/GPIO.o
                               0x2b7e (size before relaxing)
 .debug_str     0x000723a6       0xb4 ./src/HAL/Switch/Switch.o
                               0x29dc (size before relaxing)
 .debug_str     0x0007245a       0x1f ./src/HAL/Switch/Switch_cfg.o
                               0x2a44 (size before relaxing)
 .debug_str     0x00072479       0xa3 ./src/HAL/LED/LED.o
                               0x29ff (size before relaxing)
 .debug_str     0x0007251c       0x19 ./src/HAL/LED/LED_cfg.o
                               0x2a69 (size before relaxing)
 .debug_str     0x00072535      0x38b ./src/HAL/LCD/LCD.o
                               0x2d2f (size before relaxing)
 .debug_str     0x000728c0       0x19 ./src/HAL/LCD/LCD_cfg.o
                               0x2ae6 (size before relaxing)
 .debug_str     0x000728d9       0x28 ./src/main.o
                              0x241b8 (size before relaxing)

.debug_loc      0x00000000     0x13cb
 *(.debug_loc)
 .debug_loc     0x00000000       0x82 ./system/src/newlib/_sbrk.o
 .debug_loc     0x00000082      0x36e ./system/src/newlib/_startup.o
 .debug_loc     0x000003f0       0x63 ./system/src/newlib/_syscalls.o
 .debug_loc     0x00000453      0x102 ./system/src/diag/Trace.o
 .debug_loc     0x00000555      0x17c ./system/src/diag/trace_impl.o
 .debug_loc     0x000006d1      0x2a8 ./system/src/cortexm/exception_handlers.o
 .debug_loc     0x00000979      0x132 ./system/src/cmsis/system_stm32f4xx.o
 .debug_loc     0x00000aab      0x1c6 ./src/MCAL/Systick/Systick_Impe.o
 .debug_loc     0x00000c71      0x2d0 ./src/MCAL/RCC_up/RCC.o
 .debug_loc     0x00000f41      0x16a ./src/MCAL/GPIO/GPIO.o
 .debug_loc     0x000010ab       0x77 ./src/HAL/Switch/Switch.o
 .debug_loc     0x00001122       0x6c ./src/HAL/LED/LED.o
 .debug_loc     0x0000118e      0x1e8 ./src/HAL/LCD/LCD.o
 .debug_loc     0x00001376       0x55 ./src/main.o

.debug_macinfo
 *(.debug_macinfo)

.debug_weaknames
 *(.debug_weaknames)

.debug_funcnames
 *(.debug_funcnames)

.debug_typenames
 *(.debug_typenames)

.debug_varnames
 *(.debug_varnames)
OUTPUT(trial.elf elf32-littlearm)

.debug_ranges   0x00000000      0x330
 .debug_ranges  0x00000000       0x18 ./system/src/newlib/_exit.o
 .debug_ranges  0x00000018       0x10 ./system/src/newlib/_sbrk.o
 .debug_ranges  0x00000028       0x30 ./system/src/newlib/_startup.o
 .debug_ranges  0x00000058       0x20 ./system/src/newlib/_syscalls.o
 .debug_ranges  0x00000078       0x28 ./system/src/diag/Trace.o
 .debug_ranges  0x000000a0       0x38 ./system/src/diag/trace_impl.o
 .debug_ranges  0x000000d8       0x18 ./system/src/cortexm/_initialize_hardware.o
 .debug_ranges  0x000000f0       0x98 ./system/src/cortexm/exception_handlers.o
 .debug_ranges  0x00000188       0x18 ./system/src/cmsis/system_stm32f4xx.o
 .debug_ranges  0x000001a0       0x10 ./system/src/cmsis/vectors_stm32f401xc.o
 .debug_ranges  0x000001b0       0x28 ./src/Scheduler/Sched.o
 .debug_ranges  0x000001d8       0x38 ./src/Scheduler/Sched_Functions_Implementation.o
 .debug_ranges  0x00000210       0x38 ./src/MCAL/Systick/Systick_Impe.o
 .debug_ranges  0x00000248       0x20 ./src/MCAL/RCC_up/RCC.o
 .debug_ranges  0x00000268       0x30 ./src/MCAL/GPIO/GPIO.o
 .debug_ranges  0x00000298       0x18 ./src/HAL/Switch/Switch.o
 .debug_ranges  0x000002b0       0x18 ./src/HAL/LED/LED.o
 .debug_ranges  0x000002c8       0x58 ./src/HAL/LCD/LCD.o
 .debug_ranges  0x00000320       0x10 ./src/main.o

.debug_macro    0x00000000    0x136c3
 .debug_macro   0x00000000      0x19c ./system/src/newlib/_exit.o
 .debug_macro   0x0000019c      0x898 ./system/src/newlib/_exit.o
 .debug_macro   0x00000a34       0x9c ./system/src/newlib/_exit.o
 .debug_macro   0x00000ad0      0x10e ./system/src/newlib/_exit.o
 .debug_macro   0x00000bde       0x8d ./system/src/newlib/_exit.o
 .debug_macro   0x00000c6b       0x43 ./system/src/newlib/_exit.o
 .debug_macro   0x00000cae      0x30d ./system/src/newlib/_exit.o
 .debug_macro   0x00000fbb       0x35 ./system/src/newlib/_exit.o
 .debug_macro   0x00000ff0      0x151 ./system/src/newlib/_sbrk.o
 .debug_macro   0x00001141      0x174 ./system/src/newlib/_sbrk.o
 .debug_macro   0x000012b5       0x10 ./system/src/newlib/_sbrk.o
 .debug_macro   0x000012c5      0x23b ./system/src/newlib/_sbrk.o
 .debug_macro   0x00001500      0x15b ./system/src/newlib/_startup.o
 .debug_macro   0x0000165b      0x89e ./system/src/newlib/_startup.o
 .debug_macro   0x00001ef9      0x34e ./system/src/newlib/_startup.o
 .debug_macro   0x00002247      0x1ff ./system/src/newlib/_syscalls.o
 .debug_macro   0x00002446       0x1c ./system/src/newlib/_syscalls.o
 .debug_macro   0x00002462       0x10 ./system/src/newlib/_syscalls.o
 .debug_macro   0x00002472       0x10 ./system/src/newlib/_syscalls.o
 .debug_macro   0x00002482       0x10 ./system/src/newlib/_syscalls.o
 .debug_macro   0x00002492       0x35 ./system/src/newlib/_syscalls.o
 .debug_macro   0x000024c7      0x122 ./system/src/newlib/_syscalls.o
 .debug_macro   0x000025e9       0x88 ./system/src/newlib/_syscalls.o
 .debug_macro   0x00002671       0x2b ./system/src/newlib/_syscalls.o
 .debug_macro   0x0000269c      0x118 ./system/src/newlib/_syscalls.o
 .debug_macro   0x000027b4      0x159 ./system/src/newlib/_syscalls.o
 .debug_macro   0x0000290d       0x16 ./system/src/newlib/_syscalls.o
 .debug_macro   0x00002923      0x1d9 ./system/src/diag/Trace.o
 .debug_macro   0x00002afc       0x16 ./system/src/diag/Trace.o
 .debug_macro   0x00002b12       0x97 ./system/src/diag/Trace.o
 .debug_macro   0x00002ba9       0xfd ./system/src/diag/Trace.o
 .debug_macro   0x00002ca6       0x10 ./system/src/diag/Trace.o
 .debug_macro   0x00002cb6       0x16 ./system/src/diag/Trace.o
 .debug_macro   0x00002ccc      0x18b ./system/src/diag/Trace.o
 .debug_macro   0x00002e57       0x4c ./system/src/diag/Trace.o
 .debug_macro   0x00002ea3       0x16 ./system/src/diag/Trace.o
 .debug_macro   0x00002eb9      0x512 ./system/src/diag/trace_impl.o
 .debug_macro   0x000033cb       0x31 ./system/src/diag/trace_impl.o
 .debug_macro   0x000033fc       0x28 ./system/src/diag/trace_impl.o
 .debug_macro   0x00003424       0x35 ./system/src/diag/trace_impl.o
 .debug_macro   0x00003459       0x50 ./system/src/diag/trace_impl.o
 .debug_macro   0x000034a9      0xe66 ./system/src/diag/trace_impl.o
 .debug_macro   0x0000430f     0x5099 ./system/src/diag/trace_impl.o
 .debug_macro   0x000093a8       0x43 ./system/src/diag/trace_impl.o
 .debug_macro   0x000093eb      0x289 ./system/src/diag/trace_impl.o
 .debug_macro   0x00009674     0x347f ./system/src/diag/trace_impl.o
 .debug_macro   0x0000caf3       0x57 ./system/src/diag/trace_impl.o
 .debug_macro   0x0000cb4a      0x424 ./system/src/diag/trace_impl.o
 .debug_macro   0x0000cf6e      0x9e1 ./system/src/diag/trace_impl.o
 .debug_macro   0x0000d94f      0x11e ./system/src/diag/trace_impl.o
 .debug_macro   0x0000da6d       0xf8 ./system/src/diag/trace_impl.o
 .debug_macro   0x0000db65       0x27 ./system/src/diag/trace_impl.o
 .debug_macro   0x0000db8c      0x287 ./system/src/diag/trace_impl.o
 .debug_macro   0x0000de13       0x5f ./system/src/diag/trace_impl.o
 .debug_macro   0x0000de72      0x23a ./system/src/diag/trace_impl.o
 .debug_macro   0x0000e0ac      0x391 ./system/src/diag/trace_impl.o
 .debug_macro   0x0000e43d      0x16f ./system/src/diag/trace_impl.o
 .debug_macro   0x0000e5ac       0xf9 ./system/src/diag/trace_impl.o
 .debug_macro   0x0000e6a5       0x23 ./system/src/diag/trace_impl.o
 .debug_macro   0x0000e6c8      0x13a ./system/src/diag/trace_impl.o
 .debug_macro   0x0000e802      0x23a ./system/src/diag/trace_impl.o
 .debug_macro   0x0000ea3c       0x2e ./system/src/diag/trace_impl.o
 .debug_macro   0x0000ea6a      0x1a7 ./system/src/diag/trace_impl.o
 .debug_macro   0x0000ec11       0x22 ./system/src/diag/trace_impl.o
 .debug_macro   0x0000ec33       0xa5 ./system/src/diag/trace_impl.o
 .debug_macro   0x0000ecd8      0x18b ./system/src/diag/trace_impl.o
 .debug_macro   0x0000ee63       0x24 ./system/src/diag/trace_impl.o
 .debug_macro   0x0000ee87       0x35 ./system/src/diag/trace_impl.o
 .debug_macro   0x0000eebc       0x79 ./system/src/diag/trace_impl.o
 .debug_macro   0x0000ef35      0x11e ./system/src/diag/trace_impl.o
 .debug_macro   0x0000f053       0x85 ./system/src/diag/trace_impl.o
 .debug_macro   0x0000f0d8       0x89 ./system/src/diag/trace_impl.o
 .debug_macro   0x0000f161      0x31a ./system/src/diag/trace_impl.o
 .debug_macro   0x0000f47b      0x409 ./system/src/diag/trace_impl.o
 .debug_macro   0x0000f884       0xe4 ./system/src/diag/trace_impl.o
 .debug_macro   0x0000f968      0x48d ./system/src/diag/trace_impl.o
 .debug_macro   0x0000fdf5      0x22b ./system/src/diag/trace_impl.o
 .debug_macro   0x00010020      0x202 ./system/src/diag/trace_impl.o
 .debug_macro   0x00010222      0x6d9 ./system/src/diag/trace_impl.o
 .debug_macro   0x000108fb       0x5b ./system/src/diag/trace_impl.o
 .debug_macro   0x00010956      0x14d ./system/src/diag/trace_impl.o
 .debug_macro   0x00010aa3      0x287 ./system/src/diag/trace_impl.o
 .debug_macro   0x00010d2a      0x225 ./system/src/diag/trace_impl.o
 .debug_macro   0x00010f4f      0x1b5 ./system/src/diag/trace_impl.o
 .debug_macro   0x00011104      0x2db ./system/src/diag/trace_impl.o
 .debug_macro   0x000113df       0x89 ./system/src/diag/trace_impl.o
 .debug_macro   0x00011468      0x1df ./system/src/diag/trace_impl.o
 .debug_macro   0x00011647      0x115 ./system/src/diag/trace_impl.o
 .debug_macro   0x0001175c       0x6e ./system/src/diag/trace_impl.o
 .debug_macro   0x000117ca      0x11e ./system/src/diag/trace_impl.o
 .debug_macro   0x000118e8       0x22 ./system/src/diag/trace_impl.o
 .debug_macro   0x0001190a      0x4d6 ./system/src/cortexm/_initialize_hardware.o
 .debug_macro   0x00011de0      0x535 ./system/src/cortexm/exception_handlers.o
 .debug_macro   0x00012315       0x3b ./system/src/cortexm/exception_handlers.o
 .debug_macro   0x00012350      0x4d2 ./system/src/cmsis/system_stm32f4xx.o
 .debug_macro   0x00012822       0x34 ./system/src/cmsis/vectors_stm32f401xc.o
 .debug_macro   0x00012856      0x1a6 ./src/Scheduler/Sched.o
 .debug_macro   0x000129fc       0x40 ./src/Scheduler/Sched.o
 .debug_macro   0x00012a3c       0xf1 ./src/Scheduler/Sched.o
 .debug_macro   0x00012b2d       0x10 ./src/Scheduler/Sched.o
 .debug_macro   0x00012b3d       0x10 ./src/Scheduler/Sched.o
 .debug_macro   0x00012b4d       0xcf ./src/Scheduler/Sched.o
 .debug_macro   0x00012c1c       0xbe ./src/Scheduler/Sched.o
 .debug_macro   0x00012cda       0x97 ./src/Scheduler/Sched_Functions_Implementation.o
 .debug_macro   0x00012d71       0xeb ./src/Scheduler/Sched_Functions_Implementation.o
 .debug_macro   0x00012e5c       0x61 ./src/Scheduler/Sched_cfg.o
 .debug_macro   0x00012ebd       0x54 ./src/MCAL/Systick/Systick_Impe.o
 .debug_macro   0x00012f11      0x17c ./src/MCAL/RCC_up/RCC.o
 .debug_macro   0x0001308d      0x196 ./src/MCAL/RCC_up/RCC.o
 .debug_macro   0x00013223       0x30 ./src/MCAL/GPIO/GPIO.o
 .debug_macro   0x00013253       0x3e ./src/HAL/Switch/Switch.o
 .debug_macro   0x00013291       0x2e ./src/HAL/Switch/Switch_cfg.o
 .debug_macro   0x000132bf       0x49 ./src/HAL/LED/LED.o
 .debug_macro   0x00013308       0x34 ./src/HAL/LED/LED_cfg.o
 .debug_macro   0x0001333c       0x7a ./src/HAL/LCD/LCD.o
 .debug_macro   0x000133b6       0x10 ./src/HAL/LCD/LCD.o
 .debug_macro   0x000133c6       0x10 ./src/HAL/LCD/LCD.o
 .debug_macro   0x000133d6       0x3d ./src/HAL/LCD/LCD_cfg.o
 .debug_macro   0x00013413      0x2b0 ./src/main.o
